<?xml version="1.0" encoding="utf-8"?><testsuites><testsuite name="pytest" errors="0" failures="0" skipped="0" tests="3" time="1.502" timestamp="2025-02-12T18:11:09.043819" hostname="Miguels-MacBook-Air.local"><testcase classname="tests.model.test_model_inf.TestModel" name="test_model_empty_input" time="0.724" /><testcase classname="tests.model.test_model_inf.TestModel" name="test_model_invalid_input" time="0.004" /><testcase classname="tests.model.test_model_inf.TestModel" name="test_model_predict" time="0.004" /></testsuite></testsuites>